// Jest Snapshot v1, https://goo.gl/fbAQLP

exports[`renders correctly 1`] = `
<div
  className="chartLabel"
>
  <div
    className="labelBox"
    style={
      Object {
        "backgroundColor": "undefined",
      }
    }
  />
  <h5>
      
  </h5>
</div>
`;
